


======================================================================
ASMmyVideoWriter 完整測試套件
======================================================================


======================================================================
prepare_context 測試 - 测试总结
----------------------------------------------------------------------
通过: 4
失败: 0

成功率: 100.00%
======================================================================


======================================================================
RandomMover 測試 - 测试总结
----------------------------------------------------------------------
通过: 15
失败: 0

成功率: 100.00%
======================================================================


======================================================================
3D 變換與 mix3D 測試 - 测试总结
----------------------------------------------------------------------
通过: 5
失败: 0

成功率: 100.00%
======================================================================


======================================================================
所有特效函式通用健全性測試 - 测试总结
----------------------------------------------------------------------
通过: 1900
失败: 0

成功率: 100.00%
======================================================================


======================================================================
freeze_frame / time_warp 行為測試 - 测试总结
----------------------------------------------------------------------
通过: 2
失败: 0

成功率: 100.00%
======================================================================


======================================================================
build_effects 測試 - 测试总结
----------------------------------------------------------------------
通过: 14
失败: 0

成功率: 100.00%
======================================================================


======================================================================
CVfromBytes 測試 - 测试总结
----------------------------------------------------------------------
通过: 2
失败: 0

成功率: 100.00%
======================================================================

Processing: 1/1 clips (100.00%)
Processing completed.

======================================================================
MyVideosWriter 基本 I/O 與流程測試 - 测试总结
----------------------------------------------------------------------
通过: 2
失败: 2

错误详情 (2):
  [FAIL] output video exists: 期望 True, 实  False -
  [ERROR] MyVideosWriter_resize_and_io: 异常 - FileNotFoundError: [Errno 2] No such file or directory: '/data/user/0/ru.iiec.pydroid3/cache/asm_video_writer_test_7nqv2nlr/out.mp4'

成功率: 50.00%
======================================================================


======================================================================
AsmImageKernels 功能測試 - 测试总结
----------------------------------------------------------------------
通过: 3
失败: 0

成功率: 100.00%
======================================================================


======================================================================
ASMmyVideoWriter 測試總結
======================================================================
通過 - prepare_context
通過 - RandomMover
通過 - 3DTransforms
通過 - EffectsIndividual
通過 - FreezeTimeWarpBehavior
通過 - BuildEffects
通過 - CVfromBytes
失敗 - MyVideosWriterIO
通過 - AsmImageKernels
======================================================================


======================================================================
性能測試：全部特效函式（單影像重複）
======================================================================
move_left       : total=  13.75 ms per_frame=   1.38 ms
move_right      : total=  14.92 ms per_frame=   1.49 ms
move_up         : total=  14.93 ms per_frame=   1.49 ms
move_down       : total=  14.89 ms per_frame=   1.49 ms
fade            : total= 944.85 μs per_frame=  94.48 μs
zoom_in         : total=  15.45 ms per_frame=   1.55 ms
zoom_out        : total=  15.45 ms per_frame=   1.55 ms
blur            : total=  22.68 ms per_frame=   2.27 ms
film_grain      : total=  14.66 ms per_frame=   1.47 ms
glitch          : total= 521.23 μs per_frame=  52.12 μs
cartoon         : total=  19.67 ms per_frame=   1.97 ms
bloom           : total=  75.99 ms per_frame=   7.60 ms
lensDistortion  : total=  20.28 ms per_frame=   2.03 ms
colorBleed      : total=   9.26 ms per_frame= 925.84 μs
fog             : total=   6.32 ms per_frame= 631.96 μs

======================================================================
性能測試：簡化 MyVideosWriter 流水線
======================================================================
Processing: 2/2 clips (100.00%)
Processing completed.
clips=2, total time=537.70 ms

[Program finished]

================================================================================
 ASMoriginBitLibWebIO 完整測試套件
 版本: 3.0.0-ASM
================================================================================

======================================================================
測試組：Frame Codecs
======================================================================
test_bytearray_input (__main__.TestLengthPrefixed32.test_bytearray_input)
測試 bytearray 輸入 ... ok
test_decode_incomplete_header (__main__.TestLengthPrefixed32.test_decode_incomplete_header)
測試不完整的頭部 ... ok
test_decode_incomplete_payload (__main__.TestLengthPrefixed32.test_decode_incomplete_payload)
測試不完整的載荷 ... ok
test_encode_decode_normal (__main__.TestLengthPrefixed32.test_encode_decode_normal)
測試正常編碼解碼 ... ok
test_encode_empty_payload (__main__.TestLengthPrefixed32.test_encode_empty_payload)
測試空載荷編碼 ... ok
test_invalid_max_frame_size (__main__.TestLengthPrefixed32.test_invalid_max_frame_size)
測試無效的 max_frame_size 參數 ... ok
test_large_valid_frame (__main__.TestLengthPrefixed32.test_large_valid_frame)
測試大型但有效的幀 ... ok
test_max_frame_size_decode (__main__.TestLengthPrefixed32.test_max_frame_size_decode)
測試解碼時超過最大幀大小 ... ok
test_max_frame_size_encode (__main__.TestLengthPrefixed32.test_max_frame_size_encode)
測試編碼時超過最大幀大小 ... ok
test_multiple_frames (__main__.TestLengthPrefixed32.test_multiple_frames)
測試多個連續幀 ... ok
test_custom_delimiter (__main__.TestDelimitedCodec.test_custom_delimiter)
測試自定義分隔符 ... ok
test_decode_incomplete (__main__.TestDelimitedCodec.test_decode_incomplete)
測試不完整的數據 ... ok
test_empty_delimiter_error (__main__.TestDelimitedCodec.test_empty_delimiter_error)
測試空分隔符錯誤 ... ok
test_empty_payload (__main__.TestDelimitedCodec.test_empty_payload)
測試空載荷 ... ok
test_encode_decode_normal (__main__.TestDelimitedCodec.test_encode_decode_normal)
測試正常編碼解碼 ... ok
test_invalid_max_frame_size (__main__.TestDelimitedCodec.test_invalid_max_frame_size)
測試無效 max_frame_size ... ok
test_max_frame_size_buffer (__main__.TestDelimitedCodec.test_max_frame_size_buffer)
測試緩衝區超過最大大小 ... ok
test_max_frame_size_encode (__main__.TestDelimitedCodec.test_max_frame_size_encode)
測試編碼時超過最大大小 ... ok
test_multiple_frames (__main__.TestDelimitedCodec.test_multiple_frames)
測試多個連續幀 ... ok
test_partial_delimiter (__main__.TestDelimitedCodec.test_partial_delimiter)
測試部分分隔符 ... ok
test_payload_contains_delimiter (__main__.TestDelimitedCodec.test_payload_contains_delimiter)
測試載荷包含分隔符的錯誤情況 ... ok
test_encode_decode_object (__main__.TestJSONLinesCodec.test_encode_decode_object)
測試對象編碼解碼 ... ok
test_encode_various_types (__main__.TestJSONLinesCodec.test_encode_various_types)
測試各種數據類型 ... ok
test_invalid_json (__main__.TestJSONLinesCodec.test_invalid_json)
測試無效 JSON ... ok
test_multiple_json_lines (__main__.TestJSONLinesCodec.test_multiple_json_lines)
測試多行 JSON ... ok
test_unicode_support (__main__.TestJSONLinesCodec.test_unicode_support)
測試 Unicode 支持 ... ok
test_basic_encode_decode (__main__.TestAESCipherCodec.test_basic_encode_decode) ... ok
test_inner_codec_integration (__main__.TestAESCipherCodec.test_inner_codec_integration) ... ok
test_invalid_base64_after_decrypt (__main__.TestAESCipherCodec.test_invalid_base64_after_decrypt)
測試「解密成功但 Base64 解碼失敗」的錯誤路徑 。 ... ok
test_invalid_init_params (__main__.TestAESCipherCodec.test_invalid_init_params) ... ok
test_invalid_utf8_inner_frame (__main__.TestAESCipherCodec.test_invalid_utf8_inner_frame) ... ok
test_wrong_password (__main__.TestAESCipherCodec.test_wrong_password) ... ok

----------------------------------------------------------------------
Ran 32 tests in 1.045s

OK

----------------------------------------------------------------------
測試組 Frame Codecs 總結：
  測試數   : 32
  失敗     : 0
  錯誤     : 0
  跳過     : 0
----------------------------------------------------------------------


======================================================================
測試組：TLSConfig
======================================================================
test_client_cert_required_missing_ca (__main__.TestTLSConfig.test_client_cert_required_missing_ca)
測試要求客戶端證書但缺少 CA ... ok
test_client_insecure_mode (__main__.TestTLSConfig.test_client_insecure_mode)
測試客戶端不安全模式 ... ok
test_server_missing_cert (__main__.TestTLSConfig.test_server_missing_cert)
測試服務端缺少證書 ... ok

----------------------------------------------------------------------
Ran 3 tests in 0.002s

OK

----------------------------------------------------------------------
測試組 TLSConfig 總結：
  測試數   : 3
  失敗     : 0
  錯誤     : 0
  跳過     : 0
----------------------------------------------------------------------


======================================================================
測試組：低階傳輸 (Socket/File/Stack/HashBus)
======================================================================
test_context_manager (__main__.TestSocketTransport.test_context_manager)
測試上下文管理器 ... ok
test_read_write_frame (__main__.TestSocketTransport.test_read_write_frame)
測試 write_frame / read_frame 與 codec 結合 ... ok
test_timeout_operations (__main__.TestSocketTransport.test_timeout_operations)
測試超時操作 ... ok
test_empty_file (__main__.TestFileStreamTransport.test_empty_file)
測試空文件 ... ok
test_json_lines (__main__.TestFileStreamTransport.test_json_lines)
測試 JSONLines 格式 ... ok
test_write_raw (__main__.TestFileStreamTransport.test_write_raw)
測試原始寫入 ... ok
test_write_read_frames (__main__.TestFileStreamTransport.test_write_read_frames)
測試寫入和讀取幀 ... ok
test_lifo_order (__main__.TestStackStreamTransport.test_lifo_order)
測試 LIFO 順序 ... ok
test_maxsize (__main__.TestStackStreamTransport.test_maxsize)
測試最大大小限制 ... ok
test_qsize (__main__.TestStackStreamTransport.test_qsize)
測試隊列大小 ... ok
test_timeout (__main__.TestStackStreamTransport.test_timeout)
測試超時 ... ok
test_fast_stats_consistency (__main__.TestHashTableBus.test_fast_stats_consistency)
測試 FastDict 統計是否與 Python 統計一致 ... ok
test_multiple_channels (__main__.TestHashTableBus.test_multiple_channels)
測試多個頻道 ... ok
test_multiple_subscribers (__main__.TestHashTableBus.test_multiple_subscribers)
測試多個訂閱者 ... ok
test_publish_subscribe (__main__.TestHashTableBus.test_publish_subscribe)
測試發布訂閱 ... ok
test_threaded_publish (__main__.TestHashTableBus.test_threaded_publish)
測試多線程發布 ... ok
test_timeout (__main__.TestHashTableBus.test_timeout)
測試讀取超時 ... ok

----------------------------------------------------------------------
Ran 17 tests in 1.412s

OK

----------------------------------------------------------------------
測試組 低階傳輸 (Socket/File/Stack/HashBus)  總結：
  測試數   : 17
  失敗     : 0
  錯誤     : 0
  跳過     : 0.8939 
----------------------------------------------------------------------


======================================================================
測試組：TCP/UDP/Unix Servers & Clients
======================================================================
test_connection_timeout (__main__.TestTCPServerClient.test_connection_timeout)
測試連接超時 ... ok
test_custom_handler (__main__.TestTCPServerClient.test_custom_handler)
測試自定義處理器 ... ok
test_echo_server (__main__.TestTCPServerClient.test_echo_server)
測試 Echo 服務器 ... ok
test_multiple_clients (__main__.TestTCPServerClient.test_multiple_clients)
測試多個客戶端 ... ok
test_custom_handler (__main__.TestUDPServerClient.test_custom_handler)
測試自定義 UDP 處理器 ... ok
test_echo_server (__main__.TestUDPServerClient.test_echo_server)
測試 UDP Echo 服務器 ... ok
test_multiple_messages (__main__.TestUDPServerClient.test_multiple_messages)
測試多個 UDP 消息 ... ok
test_datagram_echo (__main__.TestUnixDomainSocket.test_datagram_echo)
測試 Unix Datagram Socket Echo ... ok
test_stream_echo (__main__.TestUnixDomainSocket.test_stream_echo)
測試 Unix Stream Socket Echo ... ok

----------------------------------------------------------------------
Ran 9 tests in 3.197s

OK

----------------------------------------------------------------------
測試組 TCP/UDP/Unix Servers & Clients 總結：
  測試數   : 9
  失敗     : 0
  錯誤     : 0
  跳過     : 0
----------------------------------------------------------------------


======================================================================
測試組：ModuleInfo & EdgeCases
======================================================================
test_get_module_info (__main__.TestModuleInfo.test_get_module_info)
測試獲取模塊信息 ... ok
test_codec_with_corrupted_data (__main__.TestEdgeCases.test_codec_with_corrupted_data)
測試編解碼器處理損壞的數據 ... ok
test_empty_operations (__main__.TestEdgeCases.test_empty_operations)
測試空操作 ... ok
test_socket_transport_double_close (__main__.TestEdgeCases.test_socket_transport_double_close)
測試重複關閉 socket transport ... ok

----------------------------------------------------------------------
Ran 4 tests in 0.030s

OK

----------------------------------------------------------------------
測試組 ModuleInfo & EdgeCases 總結：
  測試數   : 4
  失敗     : 0
  錯誤     : 0
  跳過     : 0
----------------------------------------------------------------------


======================================================================
測試組：Crypto Integration
======================================================================
test_encrypted_tcp_echo (__main__.TestCryptoIntegration.test_encrypted_tcp_echo)
使用 AESCipherCodec 在 TCP 上實現加密 Echo ... ok
test_encrypted_tcp_wrong_password (__main__.TestCryptoIntegration.test_encrypted_tcp_wrong_password)
客戶端使用錯誤密碼應無法正常解密。 ... ok

----------------------------------------------------------------------
Ran 2 tests in 2.233s

OK

----------------------------------------------------------------------
測試組 Crypto Integration 總結：
  測試數   : 2
  失敗     : 0
  錯誤     : 0
  跳過     : 0
----------------------------------------------------------------------


======================================================================
測試組：ASM Integration
======================================================================
test_fastdict_basic (__main__.TestASMIntegration.test_fastdict_basic)
簡單驗證 ASM.FastDict 在本模塊中可用 ... ok
test_xnor_popcount_used_with_bus (__main__.TestASMIntegration.test_xnor_popcount_used_with_bus)
示例性地將 ASM.xnor_popcount_rowwise 與 HashTableBus 結合 ... ok

----------------------------------------------------------------------
Ran 2 tests in 0.105s

OK

----------------------------------------------------------------------
測試組 ASM Integration 總結：
  測試數   : 2
  失敗     : 0
  錯誤     : 0
  跳過     : 0
----------------------------------------------------------------------


================================================================================
 測試總結報告
================================================================================

總測試組數: 7
通過       : 7
失敗       : 0
耗時       : 8.03 秒

================================================================================
 開始執行 WebIO 大規模性能測試
================================================================================

======================================================================
ASMoriginBitLibWebIO 性能基準測試
======================================================================
模組版本: 3.0.0-ASM
Python   : 3.13.2 on Linux aarch64
ASM 後端: 已啟用
  SIMD   : NEON (Level 1)
Crypto   : 已啟用


======================================================================
性能測試 1: FrameCodec 編解碼吞吐量
======================================================================

消息大小: 128 bytes
  LengthPrefixed32: 2.06 µs / msg, 59.13 MB/s  DelimitedCodec  : 1.89 µs / msg, 64.64 MB/s


======================================================================
ASM4Dengine 完整測試套件（位元優化＋質點取樣 版）
======================================================================
ASM 後端: ✓ 已啟用
SIMD: NEON (Level 1)
優化: O3
======================================================================

測試 1: 幾何求交與採樣點
  ✓ 幾何與採樣測試通過
  ✓ 幾何 + 採樣點 通過
測試 2: 運動與重力
  ✓ 運動與重力測試通過
  ✓ 運動與重力 通過
測試 3: 旋轉與同步
  ✓ 旋轉與同步測試通過
  ✓ 旋轉與同步 通過
測試 4: 渲染基本可見性
  ✓ 渲染基本可見性測試通過
  ✓ 渲染基本可見性 通過
測試 5: 紋理與材質
  ✓ 紋理與材質測試通過
  ✓ 紋理與材質 通過
測試 6: 觀察會推進物件狀態
  ✓ 觀察推進狀態測試通過
  ✓ 觀察推進狀態 通過
測試 7: PNG 寫入
  ✓ PNG 寫入測試通過
  ✓ PNG 寫入 通過
測試 8: 大規模性能煙霧測試
  ✓ 煙霧測試通過，耗時 0.15s
  ✓ 大規模性能煙霧測試 通過

======================================================================
測試總結
======================================================================
總測試數: 8
通過:     8 (100.0%)
失敗:     0 (0.0%)
======================================================================

🎉 所有 ASM4Dengine 測試通過！


======================================================================
ASM4Dengine 性能基準測試套件
======================================================================

環境資訊:
  ASM 後端: ✓ 已啟用
  SIMD: NEON (Level 1)
  優化: O3


----------------------------------------------------------------------
性能測試 1: 大量物件渲染
----------------------------------------------------------------------
  物件數: 80
  解析度: 128 x 128 (16,384 pixels)
  渲染時間: 345.43 ms
  平均每秒像素數: 0.05 MPix/s

----------------------------------------------------------------------
性能測試 2: 大量運動狀態預測
----------------------------------------------------------------------
  預測次數: 2,000,000
  總時間: 4.85 s
  平均每秒預測數: 412,409 ops/s

======================================================================
性能測試完成
======================================================================

執行範例：生成三張 PNG 圖像...
  已輸出: asm4d_view1.png
  已輸出: asm4d_view2.png
  已輸出: asm4d_view3.png
範例完成：三張 PNG 已輸出至當前目錄。


[Program finished]

======================================================================
ASMoneMatrixBitData 全面測試
======================================================================

[Test] PIL renderer comprehensive ...
  ✓ PIL renderer comprehensive OK
[Test] BitPage conversion ...
  ✓ BitPage conversion OK
[Test] ASMoneMatrixBitData.render_article ...  ✓ ASMoneMatrixBitData.render_article OK
[Test] ASMoneMatrixBitData markdown/html/code ...
  ✓ ASMoneMatrixBitData markdown/html/code OK[Test] ASMoneMatrixBitData auto_render/clean ...
  ✓ ASMoneMatrixBitData auto_render/clean OK
[Test] ASMoneMatrixBitData gallery ...
  ✓ ASMoneMatrixBitData gallery OK

======================================================================
測試總結
======================================================================
通過: 6
失敗: 0
======================================================================

🎉 所有 ASMoneMatrixBitData 測試全部通過！


======================================================================
ASMoneMatrixBitData 性能基準測試
======================================================================
ASM 後端: ✓ 已啟用
SIMD: NEON (Level 1)
優化: O3

======================================================================
性能測試 1: 大量文章渲染 (PIL + Bit)
======================================================================
文章數: 100
PIL 模式總時間 : 2.14 s (47 docs/s)
Bit 模式總時間 : 2.95 s (34 docs/s)

======================================================================
性能測試 2: Markdown → BitPage
======================================================================
文件數: 50
總時間: 2.81 s (18 docs/s)

======================================================================
性能測試 3: BitCanvas packbits
======================================================================
畫布: 4096 x 4096 (16.8 Mbits)
打包時間: 5.47 ms
吞吐量: 3.07 Gbit/s (0.38 GB/s)

======================================================================
性能測試 4: 程式碼 1‑bit 快速管線
======================================================================
程式碼頁數: 100
總時間: 795.36 ms (126 pages/s)

======================================================================
性能基準測試完成
======================================================================

✅ ASMoneMatrixBitData 所有任務完成


[Program finished]

🚀 运行完整测试套件...


======================================================================
OriginBitASM 完整測試套件
======================================================================

後端狀態: ✓ 已啟用
SIMD: NEON (Level 1)
優化: O3
平台: Linux aarch64

測試 1: Popcount
  ✓ Popcount 測試通過
測試 2: XNOR+POPCOUNT
  ✓ XNOR+POPCOUNT 測試通過
測試 3: XNOR+POPCOUNT 行級
  ✓ XNOR 行級測試通過
測試 4: Packbits/Unpackbits
  ✓ Packbits 測試通過
測試 5: 二值卷積
  ✓ 二值卷積測試通過
測試 6: FastDict
  ✓ FastDict 測試通過
測試 7: 二值線性層
  ✓ 二值線性層測試通過
測試 8: 二值 MLP
  ✓ 二值 MLP 測試通過
測試 9: 置換表
  ✓ 置換表測試通過
測試 10: Minimax 引擎
  ✓ Minimax 引擎測試通過
測試 11: 井字遊戲
  ✓ 井字遊戲測試通過
測試 12: 邊界情況
  ✓ 邊界情況測試通過
測試 13: 一致性測試
  ✓ 一致性測試通過
測試 14: 8x8 Codebook Codec
  MSE: 0.429, blocks=16
  ✓ Codebook 8x8 測試完成（有損）
測試 15: BitMatrix 圖搜尋
  ✓ BitMatrix 圖搜尋測試通過
測試 16: 位元 Radix Sort
  ✓ 位元排序測試通過
測試 17: 位元 B+Tree
  ✓ 位元 B+Tree 測試通過

======================================================================
測試總結
======================================================================
總測試數: 17
通過:     17 (100.0%)
失敗:     0 (0.0%)
======================================================================

🎉 所有測試通過！


======================================================================
OriginBitASM 性能基準測試套件
======================================================================

系统信息:
  后端:     ✓ 已启用
  SIMD:     NEON (Level 1)
  优化:     O3
  平台:     Linux aarch64
  CPU:

======================================================================
性能測試 1: Popcount 位元計數
======================================================================

大小: 1,000 位元組
  ASM:   19.53 μs (0.05 GB/s)
  NumPy: 46.23 μs (0.02 GB/s)
  加速:  2.37x

大小: 10,000 位元組
  ASM:   9.27 μs (1.08 GB/s)
  NumPy: 72.88 μs (0.14 GB/s)
  加速:  7.86x

大小: 100,000 位元組
  ASM:   20.60 μs (4.85 GB/s)
  NumPy: 391.79 μs (0.26 GB/s)
  加速:  19.02x

大小: 1,000,000 位元組
  ASM:   110.20 μs (9.07 GB/s)
  NumPy: 3.13 ms (0.32 GB/s)
  加速:  28.43x

======================================================================
性能測試 2: XNOR+POPCOUNT
======================================================================

大小: 1,000 位元組 × 2
  ASM:   18.43 μs (0.11 GB/s)
  NumPy: 40.63 μs (0.05 GB/s)
  加速:  2.20x

大小: 10,000 位元組 × 2
  ASM:   12.80 μs (1.56 GB/s)
  NumPy: 69.59 μs (0.29 GB/s)
  加速:  5.44x

大小: 100,000 位元組 × 2
  ASM:   19.74 μs (10.13 GB/s)
  NumPy: 365.59 μs (0.55 GB/s)
  加速:  18.52x

大小: 1,000,000 位元組 × 2
  ASM:   95.51 μs (20.94 GB/s)
  NumPy: 3.34 ms (0.60 GB/s)
  加速:  34.99x

======================================================================
性能測試 3: 行級 XNOR+POPCOUNT (矩陣運算)
======================================================================

1K × 1K:
  ASM:   1.67 ms (0.61 GB/s)
  NumPy: 7.60 ms (0.13 GB/s)
  加速:  4.54x

10K × 1K:
  ASM:   2.42 ms (4.23 GB/s)
  NumPy: 77.12 ms (0.13 GB/s)
  加速:  31.87x

50K × 512:
  ASM:   7.17 ms (3.57 GB/s)
  NumPy: 287.23 ms (0.09 GB/s)
  加速:  40.06x

100K × 256:
  ASM:   7.84 ms (3.27 GB/s)
  NumPy: 470.93 ms (0.05 GB/s)
  加速:  60.10x

======================================================================
性能測試 4: Packbits/Unpackbits
======================================================================

1K × 1K:
  Pack:   122.55 μs (8.36 Gb/s)
  Unpack: 360.73 μs (2.84 Gb/s)
  壓縮率: 12.5%

10K × 256:
  Pack:   261.78 μs (9.78 Gb/s)
  Unpack: 934.36 μs (2.74 Gb/s)
  壓縮率: 12.5%

50K × 128:
  Pack:   584.60 μs (10.95 Gb/s)
  Unpack: 2.81 ms (2.27 Gb/s)
  壓縮率: 12.5%

======================================================================
性能測試 5: FastDict 哈希表
======================================================================

規模: 10,000 項目
  插入:   14.15 ms (706,766 ops/s)
  查詢:   17.49 ms (571,828 ops/s)
  更新:   1.37 ms (731,863 ops/s)
  刪除:   966.07 μs (1,035,119 ops/s)
  最終大小: 9,015

規模: 100,000 項目
  插入:   148.84 ms (671,884 ops/s)
  查詢:   183.94 ms (543,664 ops/s)
  更新:   14.66 ms (682,145 ops/s)
  刪除:   9.42 ms (1,061,070 ops/s)
  最終大小: 90,250

規模: 500,000 項目
  插入:   756.84 ms (660,643 ops/s)
  查詢:   1.20 s (415,735 ops/s)
  更新:   97.49 ms (512,876 ops/s)
  刪除:   67.09 ms (745,278 ops/s)
  最終大小: 451,268

規模: 1,000,000 項目
  插入:   1.98 s (505,731 ops/s)
  查詢:   2.43 s (411,906 ops/s)
  更新:   196.31 ms (509,394 ops/s)
  刪除:   138.95 ms (719,668 ops/s)
  最終大小: 902,483

======================================================================
性能測試 6: 二值線性層
======================================================================

小批次: Batch=128, In=512, Out=256
  執行時間: 2.44 ms
  吞吐量:   52,383 samples/s
  性能:     13.73 GFLOPS

中批次: Batch=512, In=1024, Out=512
  執行時間: 3.93 ms
  吞吐量:   130,147 samples/s
  性能:     136.47 GFLOPS

大批次: Batch=1024, In=2048, Out=1024
  執行時間: 12.40 ms
  吞吐量:   82,548 samples/s
  性能:     346.23 GFLOPS

======================================================================
性能測試 7: 深度二值神經網路
======================================================================

MNIST 風格 (小批次)
  架構:     784 → 256 → 128 → 10
  批次大小: 64
  執行時間: 1.45 ms
  吞吐量:   44,049 samples/s
  延遲:     0.02 ms/sample

深層網路 (中批次)
  架構:     512 → 256 → 128 → 64 → 10
  批次大小: 128
  執行時間: 2.87 ms
  吞吐量:   44,602 samples/s
  延遲:     0.02 ms/sample

寬層網路 (大批次)
  架構:     1024 → 512 → 256 → 10
  批次大小: 256
  執行時間: 2.68 ms
  吞吐量:   95,697 samples/s
  延遲:     0.01 ms/sample

超大網路
  架構:     2048 → 1024 → 512 → 256 → 10
  批次大小: 512
  執行時間: 10.70 ms
  吞吐量:   47,858 samples/s
  延遲:     0.02 ms/sample

======================================================================
性能測試 8: 二值卷積運算
======================================================================

小批次 3x3
  輸入:     N=8, C=16, H=32×32
  核心:     F=32, K=3×3
  輸出:     N=8, F=32, H=30×30
  執行時間: 11.06 ms
  性能:     6.00 GFLOPS

中批次 3x3
  輸入:     N=16, C=32, H=64×64
  核心:     F=64, K=3×3
  輸出:     N=16, F=64, H=62×62
  執行時間: 365.87 ms
  性能:     6.20 GFLOPS

大批次 5x5
  輸入:     N=32, C=16, H=32×32
  核心:     F=32, K=5×5
  輸出:     N=32, F=32, H=28×28
  執行時間: 76.35 ms
  性能:     8.41 GFLOPS

ImageNet 風格
  輸入:     N=16, C=64, H=224×224
  核心:     F=64, K=3×3
  輸出:     N=16, F=64, H=222×222
  執行時間: 8.58 s
  性能:     6.78 GFLOPS

======================================================================
性能測試 9: 遊戲引擎搜索
======================================================================

小TT/深度5
  TT 容量:  4,096
  搜索深度: 5
  搜索時間: 76.51 ms
  搜索節點: 1,528
  搜索速度: 19,970 nodes/s
  最佳移動: 4, 評分: 4

中TT/深度6
  TT 容量:  16,384
  搜索深度: 6
  搜索時間: 125.03 ms
  搜索節點: 2,538
  搜索速度: 20,299 nodes/s
  最佳移動: 4, 評分: 4

大TT/深度7
  TT 容量:  65,536
  搜索深度: 7
  搜索時間: 256.74 ms
  搜索節點: 5,412
  搜索速度: 21,079 nodes/s
  最佳移動: 4, 評分: 4

超大TT/深度8
  TT 容量:  262,144
  搜索深度: 8
  搜索時間: 326.12 ms
  搜索節點: 6,918
  搜索速度: 21,213 nodes/s
  最佳移動: 4, 評分: 4

======================================================================
性能測試 10: 記憶體效率
======================================================================

形狀: 10,000 × 1,024
  原始大小: 10000.00 KB
  打包大小: 1250.00 KB
  節省:     87.5%

形狀: 50,000 × 512
  原始大小: 25000.00 KB
  打包大小: 3125.00 KB
  節省:     87.5%

形狀: 100,000 × 256
  原始大小: 25000.00 KB
  打包大小: 3125.00 KB
  節省:     87.5%

======================================================================
性能測試 11: 擴展性測試
======================================================================

10,000 × 1,024
  執行時間: 1.87 ms
  吞吐量:   5.46 GB/s
  行處理:   5,334,229 rows/s

50,000 × 1,024
  執行時間: 4.31 ms
  吞吐量:   11.89 GB/s
  行處理:   11,608,923 rows/s

100,000 × 1,024
  執行時間: 8.24 ms
  吞吐量:   12.42 GB/s
  行處理:   12,131,031 rows/s

200,000 × 512
  執行時間: 8.59 ms
  吞吐量:   11.93 GB/s
  行處理:   23,295,865 rows/s

======================================================================
性能測試 12: 真實應用場景
======================================================================

場景 1: 圖像相似度比較（二值特徵）
  资料库: 1,000 图像
  查询:   10 图像
  执行时间: 9.25 ms
  查询速度: 1,082 queries/s
  比较速度: 1,081,508 comparisons/s

场景 2: 二值神经网路推理（批次处理）
  模型:     256→128→64→2
  批次:     1,000 样本
  执行时间: 2.54 ms
  吞吐量:   393,868 samples/s
  延迟:     0.003 ms/sample

场景 3: 游戏 AI 决策
  测试局面: 100
  平均时间: 34.88 ms
  平均节点: 738
  搜索速度: 21,147 nodes/s

======================================================================
性能測試 13: BitMatrix 圖搜尋 (DFS/BFS)
======================================================================

節點數: 4,096, 平均度數≈16
  BFS: 49.90 ms
  DFS: 73.90 ms
  DFS 訪問節點數: 4,096

======================================================================
性能測試 14: 位元 Radix Sort (uint64)
======================================================================

大小: 1,000 元素
  NumPy sort:   45.78 μs
  Bitwise Radix:83.92 μs
  加速比 (Radix 相對 NumPy): 0.55x

大小: 10,000 元素
  NumPy sort:   303.98 μs
  Bitwise Radix:190.50 μs
  加速比 (Radix 相對 NumPy): 1.60x

大小: 50,000 元素
  NumPy sort:   1.61 ms
  Bitwise Radix:907.42 μs
  加速比 (Radix 相對 NumPy): 1.77x

大小: 100,000 元素
  NumPy sort:   3.64 ms
  Bitwise Radix:1.79 ms
  加速比 (Radix 相對 NumPy): 2.04x

======================================================================
性能測試 15: 位元 B+Tree
======================================================================

規模: 10,000 條記錄 (order=32)
  插入時間: 19.10 ms (523,470 inserts/s)
  查詢時間: 4.11 ms (1,216,022 lookups/s)

規模: 50,000 條記錄 (order=32)
  插入時間: 112.64 ms (443,900 inserts/s)
  查詢時間: 5.70 ms (876,846 lookups/s)

規模: 100,000 條記錄 (order=32)
  插入時間: 248.83 ms (401,873 inserts/s)
  查詢時間: 7.97 ms (627,383 lookups/s)

======================================================================
性能测试完成
======================================================================


======================================================================
实现对比测试
======================================================================

======================================================================
对比测试: XNOR+POPCOUNT 实现比较
======================================================================
<string>:4021: RuntimeWarning: overflow encountered in scalar add

大小: 10,000 字节
  Pure Python (100 字节): 488.28 μs
  NumPy       (10,000 字节): 141.14 μs
  ASM         (10,000 字节): 54.84 μs

加速比:
  ASM vs Python: ~890x
  ASM vs NumPy:  2.57x
  NumPy vs Python: ~346x

======================================================================
对比测试完成
======================================================================


======================================================================
压力测试套件
======================================================================

压力测试: FastDict 大规模操作
  阶段 1: 插入 100 万个条目...
    完成: 1.69 s
    大小: 1,000,000
  阶段 2: 随机查询 100 万次...
    完成: 2.44 s
  阶段 3: 删除 50 万个条目...
    完成: 705.58 ms
    剩余: 739,356
  ✓ 压力测试通过

压力测试: 深度二值神经网路
  创建超深网路 (10 层)...
  大批次推理 (10,000 样本)...
    完成: 113.77 ms
    吞吐量: 87,900 samples/s
  ✓ 压力测试通过

压力测试: 游戏树搜索
  深度搜索 (depth=9)...
    完成: 398.83 ms
    节点数: 8,497
    速度: 21,305 nodes/s
  ✓ 压力测试通过

======================================================================
压力测试完成
======================================================================


======================================================================
OriginBitASM 完整应用示例
======================================================================

======================================================================
示例 1: 二值特征图像搜索引擎
======================================================================

初始化图像数据库...
  图像数量: 10,000
  特征维度: 256
  原始大小: 2500.00 KB
  压缩大小: 312.50 KB
  压缩率:   87.5%

执行相似度搜索...
  查询数量: 5
  搜索时间: 6.16 ms
  查询速度: 811 queries/s
  比较次数: 50,000

前 3 个查询的 Top-3 结果:
  查询 1:
    #1: 图像  8264 - 相似度 62.1%
    #2: 图像  5566 - 相似度 61.3%
    #3: 图像   243 - 相似度 61.3%
  查询 2:
    #1: 图像  2945 - 相似度 62.1%
    #2: 图像  1287 - 相似度 61.7%
    #3: 图像  6982 - 相似度 60.5%
  查询 3:
    #1: 图像  4815 - 相似度 62.1%
    #2: 图像  1613 - 相似度 60.9%
    #3: 图像  7653 - 相似度 60.2%

======================================================================
示例 2: 二值神经网路分类器
======================================================================

生成模拟数据集...
  样本数: 1000
  特征数: 128
  类别分布: Class 0=521, Class 1=479

训练二值分类器...
  模型架构: 128→64→32→2
  推理时间: 3.76 ms
  吞吐量:   266,153 samples/s
  准确率:   50.4% (随机权重)

性能统计:
  每样本延迟: 0.004 ms
  内存使用:   ~125.00 KB (特征)

======================================================================
示例 3: 井字游戏 AI 对战
======================================================================

开始对战 (AI vs AI)...

初始棋盘:
  . . .
  . . .
  . . .

回合 1 (玩家 X):
  AI 选择: (1, 1)
  评分: 4
  搜索节点: 8,497
  搜索时间: 398.99 ms
  . . .
  . X .
  . . .

回合 2 (玩家 O):
  AI 选择: (0, 0)
  评分: 0
  搜索节点: 2,753
  搜索时间: 126.16 ms
  O . .
  . X .
  . . .

回合 3 (玩家 X):
  AI 选择: (0, 1)
  评分: 4
  搜索节点: 1,240
  搜索时间: 55.88 ms
  O X .
  . X .
  . . .

回合 4 (玩家 O):
  AI 选择: (2, 1)
  评分: 0
  搜索节点: 465
  搜索时间: 21.42 ms
  O X .
  . X .
  . O .

回合 5 (玩家 X):
  AI 选择: (0, 2)
  评分: 4
  搜索节点: 408
  搜索时间: 19.39 ms
  O X X
  . X .
  . O .

回合 6 (玩家 O):
  AI 选择: (2, 0)
  评分: -1000
  搜索节点: 176
  搜索时间: 7.65 ms
  O X X
  . X .
  O O .

回合 7 (玩家 X):
  AI 选择: (2, 2)
  评分: 4
  搜索节点: 76
  搜索时间: 3.07 ms
  O X X
  . X .
  O O X

回合 8 (玩家 O):
  AI 选择: (1, 0)
  评分: -1000
  搜索节点: 35
  搜索时间: 1.30 ms
  O X X
  O X .
  O O X

🎉 玩家 O 获胜!

游戏统计:
  总回合数: 8
  最终评分: -1000

======================================================================
示例 4: 性能监控与分析
======================================================================

监控不同规模下的性能...
  规模:    100 - 时间: 12.86 μs - 吞吐量: 0.01 GB/s
  规模:  1,000 - 时间: 16.62 μs - 吞吐量: 0.06 GB/s
  规模: 10,000 - 时间: 13.40 μs - 吞吐量: 0.75 GB/s
  规模: 100,000 - 时间: 24.80 μs - 吞吐量: 4.03 GB/s

性能趋势分析:
  100 → 1,000: 规模 10x, 时间 1.29x, 效率 774.1%
  1,000 → 10,000: 规模 10x, 时间 0.81x, 效率 1240.0%
  10,000 → 100,000: 规模 10x, 时间 1.85x, 效 率 540.4%

======================================================================
所有示例执行完成
======================================================================


✅ 所有任务完成!


[Program finished]


🚀 ASMFileDict3 - 完整測試與基準測試 (含向量化接口和 ANN)


======================================================================
ASMFileDict3 完整測試套件 (含向量化接口和 ANN)
======================================================================

ASM 後端: ✓ 已啟用
Python: 3.13.2

測試 FileDict 基本功能...
  ✓ FileDict 基本功能測試通過
測試 FileDict 迭代功能...
  ✓ FileDict 迭代功能測試通過
測試 FileDict 搜索功能...
  ✓ FileDict 搜索功能測試通過
測試 FileDict 批量操作...
  ✓ FileDict 批量操作測試通過
測試 FileDict 持久化...
  ✓ FileDict 持久化測試通過
測試 FileDict 鍵驗證...
  ✓ FileDict 鍵驗證測試通過
測試 FileSQL3 基本功能...
  ✓ FileSQL3 基本功能測試通過
測試 FileSQL3 putBytes 功能...
  ✓ FileSQL3 putBytes 測試通過
測試 FileSQL3 刪除功能...
  ✓ FileSQL3 刪除功能測試通過
測試 FileSQL3 搜索功能...
  ✓ FileSQL3 搜索功能測試通過
測試 FileSQL3 導出功能...
  ✓ FileSQL3 導出功能測試通過
測試 FileSQL3 大文件處理...
  ✓ FileSQL3 大文件處理測試通過
測試 FileSQL3 流式寫入...
  ✓ FileSQL3 流式寫入測試通過
測試 FileDataFrame 基本功能...
  ✓ FileDataFrame 基本功能測試通過
測試 FileDataFrame 聚合功能...
  ✓ FileDataFrame 聚合功能測試通過
測試 FileDataFrame 生成器功能...
  ✓ FileDataFrame 生成器功能測試通過
測試 FileDataFrame 更新和刪除...
  ✓ FileDataFrame 更新和刪除測試通過
測試 FileDataFrame 從字典創建...
  ✓ FileDataFrame 從字典創建測試通過
測試 FileDataFrame distinct 功能...
  ✓ FileDataFrame distinct 測試通過
測試 VectorStore 基本功能...
  ✓ VectorStore 基本功能測試通過
測試 VectorStore 二進制向量...
  ✓ VectorStore 二進制向量測試通過
測試 Hamming 距離計算器...
  ✓ Hamming 距離計算器測試通過
測試 HDC 向量操作...
  ✓ HDC 向量操作測試通過
測試 ANN 索引...
  ✓ ANN 索引測試通過
測試 ANN 哈希穩定性與範圍...
  ✓ ANN 哈希穩定性與範圍測試通過
測試 ANN 大維度穩定性與性能（輕量）...
  - 構建 300 向量索引耗時: 0.033s
  - ANN 搜索耗時: 0.002s
  ✓ ANN 大維度穩定性與性能（輕量）測試通過
測試 ANN 默認關閉...
  ✓ ANN 默認關閉測試通過
測試 FileDict 帶 ANN 功能...
  ✓ FileDict 帶 ANN 功能測試通過
測試輔助函數...
  ✓ 輔助函數測試通過
測試線程安全性...
  ✓ 線程安全性測試通過
測試 ASM 後端...
  ASM 後端可用
  ✓ ASM 後端測試通過
測試邊界情況...
  ✓ 邊界情況測試通過

======================================================================
測試總結
======================================================================
總測試數: 32
通過:     32 (100.0%)
失敗:     0 (0.0%)
======================================================================

🎉 所有測試通過！


======================================================================
ASMFileDict3 性能基準測試
======================================================================

ASM 後端: ✓ 已啟用

性能測試: Hamming 距離計算
--------------------------------------------------

  維度: 1024 位
    單次計算: 10.05 μs
    吞吐量: 99,495 ops/s

  維度: 4096 位
    單次計算: 9.19 μs
    吞吐量: 108,773 ops/s

  維度: 10000 位
    單次計算: 9.26 μs
    吞吐量: 107,936 ops/s

  批量計算測試 (1000 candidates):
    批量計算 (1000 向量): 533.23 μs
    每向量平均: 533.23 ns

性能測試: ANN 搜索
--------------------------------------------------

  規模: 1,000 向量 (10000 維)
    索引構建: 239.45 ms
    精確搜索: 979.45 μs
    ANN 搜索: 286.70 μs
    加速比: 3.4x

  規模: 5,000 向量 (10000 維)
    索引構建: 1.19 s
    精確搜索: 6.54 ms
    ANN 搜索: 486.33 μs
    加速比: 13.5x

  規模: 10,000 向量 (10000 維)
    索引構建: 2.94 s
    精確搜索: 14.56 ms
    ANN 搜索: 607.99 μs
    加速比: 24.0x

性能測試: FileDict
--------------------------------------------------

  規模: 1,000 條目
    寫入: 4.11 ms (243,233 ops/s)
    讀取: 4.91 ms (203,765 ops/s)
    遍歷: 983.24 μs

  規模: 10,000 條目
    寫入: 43.19 ms (231,526 ops/s)
    讀取: 48.73 ms (205,208 ops/s)
    遍歷: 7.32 ms

  規模: 50,000 條目
    寫入: 220.11 ms (227,159 ops/s)
    讀取: 244.94 ms (204,136 ops/s)
    遍歷: 37.61 ms

性能測試: FileSQL3
--------------------------------------------------

  規模: 100 文件 × 1.0 KB = 0.10 MB
    寫入: 21.19 ms (4.61 MB/s)
    讀取: 2.10 ms (46.57 MB/s)
    搜索: 146.39 μs

  規模: 100 文件 × 10.0 KB = 0.98 MB
    寫入: 20.11 ms (48.55 MB/s)
    讀取: 2.21 ms (442.76 MB/s)
    搜索: 732.90 μs

  規模: 50 文件 × 100.0 KB = 4.88 MB
    寫入: 17.12 ms (285.28 MB/s)
    讀取: 2.51 ms (1944.00 MB/s)
    搜索: 105.14 μs

性能測試: FileDataFrame
--------------------------------------------------

  規模: 10,000 行
    插入: 9.51 ms (1,051,020 rows/s)
    遍歷: 22.37 ms (446,973 rows/s)
    聚合: 1.05 ms

  規模: 50,000 行
    插入: 47.24 ms (1,058,494 rows/s)
    遍歷: 113.42 ms (440,833 rows/s)
    聚合: 4.99 ms

  規模: 100,000 行
    插入: 96.06 ms (1,040,998 rows/s)
    遍歷: 226.98 ms (440,558 rows/s)
    聚合: 9.83 ms

性能測試: 生成器內存效率
--------------------------------------------------

  數據規模: 100,000 行
    生成器遍歷: 201.79 ms
    列表轉換 (10K行): 18.05 ms
    生成器優勢: 內存使用恆定，不隨數據規模增 長

性能測試: VectorStore
--------------------------------------------------

  規模: 1,000 向量
    存儲: 29.90 ms (33,448 ops/s)
    讀取: 11.07 ms (90,346 ops/s)
    搜索: 17.55 ms

  規模: 5,000 向量
    存儲: 151.66 ms (32,969 ops/s)
    讀取: 55.07 ms (90,798 ops/s)
    搜索: 94.64 ms

======================================================================
性能測試完成
======================================================================

======================================================================
示例：HDC 語義記憶 - 模糊聯想
======================================================================

建立語義記憶...
  dog: ['animal', 'mammal', 'pet', 'loyal', 'bark', 'fur']
  cat: ['animal', 'mammal', 'pet', 'independent', 'meow', 'fur']
  wolf: ['animal', 'mammal', 'wild', 'pack', 'howl', 'fur']
  lion: ['animal', 'mammal', 'wild', 'pride', 'roar', 'mane']
  fish: ['animal', 'aquatic', 'scales', 'swim', 'gills']
  bird: ['animal', 'flying', 'feathers', 'beak', 'nest']

測試模糊聯想:

  查詢: wolf
  相似概念:
    - wolf: 100.00% 相似
    - dog: 70.11% 相似
    - cat: 70.03% 相似
    - lion: 70.02% 相似

  查詢: fish
  相似概念:
    - fish: 100.00% 相似
    - bird: 56.83% 相似
    - dog: 55.87% 相似
    - cat: 55.55% 相似

  查詢: cat
  相似概念:
    - cat: 100.00% 相似
    - dog: 76.80% 相似
    - wolf: 70.03% 相似
    - lion: 65.25% 相似

組合查詢 (wild + fur):
  - wolf: 75.00% 相似
  - cat: 65.65% 相似
  - lion: 65.42% 相似

✓ HDC 語義記憶示例完成

✅ 所有任務完成！


[Program finished]

🚀 ASMholographicFieldHDC - HBDF + HDC 動態知 識與工具系統（含做夢功能）


======================================================================
HBDF + HDC 完整測試套件（含做夢功能）
======================================================================

依賴狀態:
  ASMOriginBitComputing: ✓ 已載入
  ASMFileDict3: ✓ 已載入
  ASM 後端: ✓ 已啟用

測試 HDCCodebook...
  ✓ HDCCodebook 測試通過
測試 HolographicMemory...
  ✓ HolographicMemory 測試通過
測試 KernelBank...
  ✓ KernelBank 測試通過
測試 HDCEncoder...
  ✓ HDCEncoder 測試通過
測試 HBDFEngine...
  ✓ HBDFEngine 測試通過
測試 SurpriseBasedLearner...
  ✓ SurpriseBasedLearner 測試通過
測試 MemoryConsolidator...
  ✓ MemoryConsolidator 測試通過
測試 ForgetModule...
  ✓ ForgetModule 測試通過
測試 DreamModule...
  ✓ DreamModule 測試通過
測試 ConceptIndex...
  ✓ ConceptIndex 測試通過
測試 HBDFSystem...
  ✓ HBDFSystem 測試通過
測試邊界情況...
  ✓ 邊界情況測試通過
測試線程安全性...
  ✓ 線程安全性測試通過
測試一致性...
  ✓ 一致性測試通過

======================================================================
測試總結
======================================================================
總測試數: 14
通過:     14 (100.0%)
失敗:     0 (0.0%)
======================================================================

🎉 所有測試通過！


======================================================================
HBDF + HDC 性能測試套件
======================================================================

性能測試: 編碼...
  文本編碼: 0.742 ms/樣本 (1348 樣本/秒)
  序列編碼: 0.125 ms/樣本 (7977 樣本/秒)

性能測試: 記憶操作...
  存儲: 0.031 ms/概念 (32748 概念/秒)
  檢索: 0.001 ms/概念 (1177183 概念/秒)
  相似搜索: 11.822 ms/查詢 (85 查詢/秒)

性能測試: 學習...
  學習: 0.377 ms/樣本 (2652 樣本/秒)

性能測試: 做夢...
  完整做夢週期: 870.24 ms
    - 新概念創建: 17
    - 強化記憶: 35
    - 移除記憶: 0
  輕量級做夢: 15.54 ms/次
  記憶插值: 16.833 ms/次

性能測試: 推理引擎...
  查詢: 1.528 ms/查詢 (655 查詢/秒)
  完整管線: 4.062 ms/查詢 (246 查詢/秒)

性能測試: 大規模操作...
  構建大規模記憶體...
    存儲 10,000 概念: 0.52 秒 (19172 概念/秒)  大規模相似搜索...
    10 次搜索: 1.37 秒 (137.2 ms/搜索)
  大規模能量衰減...
    衰減 10,000 概念: 2.04 ms
  大規模做夢...
    做夢週期: 146.00 ms, 新概念: 46

======================================================================
性能測試完成
======================================================================

======================================================================
示例: HBDF + HDC 基本使用
======================================================================

學習概念...
  學習 'dog': learn
  學習 'cat': ignore
  學習 'wolf': ignore
  學習 'lion': ignore

查詢測試...
  'loyal pet dog' → dog (相似度: 53.03%)
  'wild animal' → dog (相似度: 52.64%)
  'cat independent' → dog (相似度: 52.25%)

系統狀態:
  記憶中的概念: 1
  碼本大小: 0
  學習統計: {'total_samples': 4, 'strengthened': 0, 'learned': 1, 'ignored': 3}

✓ 示例完成

======================================================================
示例: 做夢功能 - 記憶重組與優化
======================================================================

1. 學習初始概念...
   初始概念數: 1

2. 執行做夢週期...
   做夢結果:
   - 新創建概念: 0
   - 強化的記憶: 1
   - 移除的記憶: 0
   最終概念數: 1

3. 查看夢境概念...
   夢境概念數: 0

4. 做夢統計:
   - 做夢週期: 1
   - 插值次數: 0
   - 探索次數: 0
   - 總做夢時間: 0.05 ms

✓ 做夢示例完成

======================================================================
示例: HDC 語義記憶
======================================================================
  編碼 'dog': ['animal', 'mammal', 'pet', 'loyal', 'bark']
  編碼 'cat': ['animal', 'mammal', 'pet', 'independent', 'meow']
  編碼 'wolf': ['animal', 'mammal', 'wild', 'pack', 'howl']
  編碼 'fish': ['animal', 'aquatic', 'scales', 'swim']

相似度矩陣:
          dog     cat    wolf    fish
  dog 100.00%  71.93%  64.92%  57.31%
  cat  71.93% 100.00%  65.04%  57.00%
 wolf  64.92%  65.04% 100.00%  57.50%
 fish  57.31%  57.00%  57.50% 100.00%

✓ 語義記憶示例完成

✅ 所有任務完成！


[Program finished]

🚀 ASMembedding - 基於 HDC 的高效能嵌入系統


======================================================================
ASMembedding 完整測試套件
======================================================================

系統信息:
  ASM 後端: ✓ 可用
  SIMD: NEON (Level 1)
  平台: Linux aarch64
  HDC 維度: 1764
  嵌入維度: 128

測試 SimpleTokenizer...
  ✓ SimpleTokenizer 測試通過
測試 HDCVectorOps...
  ✓ HDCVectorOps 測試通過
測試 HDCCodebook...
  ✓ HDCCodebook 測試通過
測試 HDCEncoder...
  ✓ HDCEncoder 測試通過
測試 FastEmbeddingModel...
  ✓ FastEmbeddingModel 測試通過
測試 ConceptNetworkModel...
  ✓ ConceptNetworkModel 測試通過
測試文本處理函數...
  ✓ 文本處理函數測試通過
測試圖像處理...
  ✓ 圖像處理測試通過
測試工具函數...
  ✓ 工具函數測試通過
測試全局實例...
  ✓ 全局實例測試通過
測試一致性...
  ✓ 一致性測試通過
測試邊界情況...
  ✓ 邊界情況測試通過
測試 getKeyWords...
  Text 1: ['人工智慧AI是電腦科學的一個分支它 試圖理解智慧的本質並開發出能以類似人類智慧方 式做出反應的智能機器']...
  Text 2: ['中国是世界上人口最多的国家拥有悠 久的历史文化']...
  Text 3: ['5G技術的發展為物聯網帶來了新的機 遇']...
  Text 4: ['The development of 5G technology has brought new opportunities']...
  ✓ getKeyWords 測試通過
測試 shortText...
  排序結果: ['人工智能正在改变世界...', '机器学习是人工智能的...', '区块链技术为金融行业...', '云计算使得数据存储和...']
  ✓ shortText 測試通過

======================================================================
測試總結
======================================================================
總測試數: 14
通過:     14 (100.0%)
失敗:     0 (0.0%)
======================================================================

🎉 所有測試通過！


======================================================================
ASMembedding 性能測試套件
======================================================================

性能測試: 編碼...
  文本嵌入: 18.346 ms/樣本 (55 樣本/秒)
  概念嵌入: 33.619 ms/樣本 (30 樣本/秒)

性能測試: 圖像處理...
  圖像嵌入 (64x64): 93.898 ms/圖像 (11 圖像/ 秒)
  圖像嵌入 (256x256): 94.107 ms/圖像 (11 圖 /秒)

性能測試: 關鍵詞提取...
  關鍵詞提取: 1.281 ms/文本 (781 文本/秒)

性能測試: 概念樹生成...
  概念樹生成: 27.758 ms/次

性能測試: 相似度計算...
  相似度計算: 0.960 μs/對 (1042155 對/秒)

性能測試: 大規模操作...
  生成 1000 個嵌入...
    完成: 18.42 秒 (54 嵌入/秒)
  處理大文本 (10000 字符)...
    完成: 27.21 ms

======================================================================
性能測試完成
======================================================================

======================================================================
示例: 基本使用
======================================================================

文本: Hello, this is a test sentence.
嵌入維度: 128
嵌入前5維: [0.923268735408783, 0.0693453699350357, 0.600714921951294, -0.30387428402900696, 1.21920645236969]

概念嵌入維度: 128

關鍵詞: ['Machine learning algorithms process data to make predictions Deep learning has revolutionized computer vision tasks', 'Artificial intelligence is rapidly advancing and transforming industries']

======================================================================
示例: 圖像嵌入
======================================================================

圖像嵌入維度: 128
相似方塊圖像相似度: 0.8118
方塊 vs 隨機相似度: 0.5000

======================================================================
示例: 概念樹生成
======================================================================

概念樹:
├─ Dogs are loyal pets that have been companions to humans for thousands of years.
│  ├─ Cats are independent animals that make excellent indoor pets.
│  ├─ Birds can fly and many species are known for their beautiful songs.
│  └─ Fish live in water and come in many colorful varieties.
├─ Cats are independent animals that make excellent indoor pets.
│  ├─ Dogs are loyal pets that have been companions to humans for thousands of years.
│  ├─ Fish live in water and come in many colorful varieties.
...

✅ 所有任務完成！


[Program finished]

計算圖片與影片相似的任務1秒內完成，
而且完全不需要使用任何外部API ,
也不需要使用任何其他人訓練好的模型，
同樣地全自動影片剪輯也是沒有API 和預訓練模型的依賴，
設置是生成特效和圖片處理的重度計算環節已經不再依賴 numpy 和openCV ,實現純位元化,
這就是紮實的自動化

python 00V1.py                                                    ======================================================================                  影片 / 圖片相似度配對 Demo（灰階+顏色特徵版 ）                                          ======================================================================                  目錄：/storage/emulated/0/DCIM/Camera       找到的配對數量：19                                                                      影片: grok_video_2025-11-28-09-38-04.mp4        圖片: refiner_0402_1_1_2530210128659835057.jpg  相似度: 0.9551                        [重命名] grok_video_2025-11-28-09-38-04.mp4  ->  refiner_0402_1_1_2530210128659835057.mp4                                         影片: grok_video_2025-11-28-09-38-37.mp4        圖片: refiner_0428_1_-8922921019420123674.jpg   相似度: 0.9700                        [重命名] grok_video_2025-11-28-09-38-37.mp4  ->  refiner_0428_1_-8922921019420123674.mp4                                          影片: grok_video_2025-11-28-09-39-15.mp4        圖片: refiner_0384_1_0_103894881364852100.jpg   相似度: 0.8398
  [重命名] grok_video_2025-11-28-09-39-15.mp4  ->  refiner_0384_1_0_103894881364852100.mp4
影片: grok_video_2025-11-28-09-39-53.mp4        圖片: generated_111192130116829_1_-5375754159506973962.jpg  相似度: 0.9398
  [重命名] grok_video_2025-11-28-09-39-53.mp4  ->  generated_111192130116829_1_-5375754159506973962.mp4
影片: grok_video_2025-11-28-09-49-12.mp4        圖片: refiner_0359_0_-6519763468283435177.jpg   相似度: 0.9784
  [重命名] grok_video_2025-11-28-09-49-12.mp4  ->  refiner_0359_0_-6519763468283435177.mp4
影片: grok_video_2025-11-28-09-50-37.mp4        圖片: refiner_0182_1_1_-4510512236523028105.jpg  相似度: 0.9464
  [重命名] grok_video_2025-11-28-09-50-37.mp4  ->  refiner_0182_1_1_-4510512236523028105.mp4
影片: grok_video_2025-11-28-10-00-54.mp4        圖片: generated_111192130116829_1_1566139974832348967.jpg  相似度: 0.9552
  [重命名] grok_video_2025-11-28-10-00-54.mp4  ->  generated_111192130116829_1_1566139974832348967.mp4
影片: grok_video_2025-11-28-10-02-51.mp4        圖片: refiner_0322_1_0_7825005072214649448.jpg  相似度: 0.9118
  [重命名] grok_video_2025-11-28-10-02-51.mp4  ->  refiner_0322_1_0_7825005072214649448.mp4
影片: grok_video_2025-11-28-10-10-05.mp4        圖片: generated_111192130116829_1_-4456326824229661879.jpg  相似度: 0.9084
  [重命名] grok_video_2025-11-28-10-10-05.mp4  ->  generated_111192130116829_1_-4456326824229661879.mp4
影片: grok_video_2025-11-28-10-21-10.mp4        圖片: refiner_0383_1_-9221123976268302116.jpg   相似度: 0.8248
  [重命名] grok_video_2025-11-28-10-21-10.mp4  ->  refiner_0383_1_-9221123976268302116.mp4
影片: grok_video_2025-11-28-10-22-00.mp4        圖片: generated_111192130116829_1_2385647599659743424.jpg  相似度: 0.9067
  [重命名] grok_video_2025-11-28-10-22-00.mp4  ->  generated_111192130116829_1_2385647599659743424.mp4
影片: grok_video_2025-11-28-10-29-38.mp4        圖片: generated_111192130116829_0_-4120411094661033392.jpg  相似度: 0.9106
  [重命名] grok_video_2025-11-28-10-29-38.mp4  ->  generated_111192130116829_0_-4120411094661033392.mp4
影片: grok_video_2025-11-28-10-30-29.mp4        圖片: refiner_0008_0_-1538316547682431557.jpg   相似度: 0.9489
  [重命名] grok_video_2025-11-28-10-30-29.mp4  ->  refiner_0008_0_-1538316547682431557.mp4
影片: grok_video_2025-11-28-10-49-06.mp4        圖片: refiner_0257_0_382985133547562734.jpg     相似度: 0.8972
  [重命名] grok_video_2025-11-28-10-49-06.mp4  ->  refiner_0257_0_382985133547562734.mp4
影片: grok_video_2025-11-28-10-49-51.mp4        圖片: generated_111192130116829_0_7491762081801647205.jpg  相似度: 0.9601
  [重命名] grok_video_2025-11-28-10-49-51.mp4  ->  generated_111192130116829_0_7491762081801647205.mp4
影片: grok_video_2025-11-28-10-50-33.mp4        圖片: generated_111192130116829_1_2956555079901343291.jpg  相似度: 0.9267
  [重命名] grok_video_2025-11-28-10-50-33.mp4  ->  generated_111192130116829_1_2956555079901343291.mp4
影片: grok_video_2025-11-28-10-51-18.mp4        圖片: generated_111192130116829_1_-7678486066246170525.jpg  相似度: 0.9715
  [重命名] grok_video_2025-11-28-10-51-18.mp4  ->  generated_111192130116829_1_-7678486066246170525.mp4
影片: grok_video_2025-11-28-10-51-59.mp4        圖片: generated_111192130116829_0_8724951951812870200.jpg  相似度: 0.9476
  [重命名] grok_video_2025-11-28-10-51-59.mp4  ->  generated_111192130116829_0_8724951951812870200.mp4
影片: grok_video_2025-11-28-10-52-49.mp4        圖片: refiner_0099_0_-9219853658960382906.jpg   相似度: 0.8361
  [重命名] grok_video_2025-11-28-10-52-49.mp4  ->  refiner_0099_0_-9219853658960382906.mp4
随机生成的音乐标签: {'emotions': 'Neutral', 'genres': 'Classical', 'tempo': 'Fast', 'instrumentation': 'Guitar', 'harmony': 'Simple', 'dynamics': 'Dynamic', 'rhythm': 'Simple'}
使用设备: cpu
['generated_111192130116829_1_5803799321290705537.mp4', 'generated_111192130116829_1_-357793835216293904.mp4', 'generated_111192130116829_0_-446593891885171774.mp4', 'generated_111192130116829_0_-2179599690852602896.mp4', 'refiner_0274_1_1_6735326946252032636.mp4', 'refiner_0125_1_0_-1702713124043875199.mp4', 'refiner_0533_0_-738295099468990925.mp4', 'refiner_0475_1_1147504388423877387.mp4', 'generated_111192130116829_0_1632499360602031962.mp4', 'generated_111192130116829_0_6960249688195125512.mp4', 'refiner_0115_1_0_5957060468496194377.mp4', 'refiner_0042_1_0_6868842607084551500.mp4', 'refiner_0135_0_-2884632429726625484.mp4', 'generated_111192130116829_1_859897549570604063.mp4', 'refiner_0557_0_-1910285961411820163.mp4', 'refiner_0048_0_-1901986092185024017.mp4', 'refiner_0026_1_2297299814968665622.mp4', 'generated_111192130116829_1_128476518080468899.mp4', 'refiner_0250_1_-2128168986103571988.mp4', 'refiner_0183_0_559522944162607761.mp4', 'refiner_0051_1_1_-6734655122560641562.mp4', 'refiner_0038_0_7450883655578402402.mp4', 'generated_111192130116829_1_-4267997671595693337.mp4', 'generated_111192130116829_0_1764133141484010056.mp4', 'refiner_0457_0_-3324706426714184431.mp4', 'refiner_0401_0_-4771688003675369543.mp4', 'generated_111192130116829_1_-529911464978839650.mp4', 'refiner_0098_0_8527355080913303389.mp4', 'refiner_0108_1_0_-4368442038156907901.mp4', 'generated_111192130116829_0_8185789505001073276.mp4', 'refiner_0096_1_0_-1512385823003462872.mp4', 'refiner_0142_1_0_5625906734132316550.mp4', 'generated_111192130116829_0_2370014382663115230.mp4', 'generated_111192130116829_1_2975614318203523076.mp4', 'refiner_0648_0_-8227994306020055564.mp4', 'generated_111192130116829_0_8540861222791506555.mp4', 'generated_111192130116829_0_-6080626833444316019.mp4', 'generated_111192130116829_1_-4279135020753712873.mp4', 'refiner_0173_1_1_-4419104152851600088.mp4', 'refiner_0006_2_-862600110161433564.mp4', 'refiner_0005_1_0_4867615106857423360.mp4', 'refiner_0396_0_368025687065714282.mp4', 'refiner_0354_1_-3416923330892553122.mp4', 'refiner_0595_0_-8770205128415367438.mp4', 'generated_111192130116829_0_-2818806097538639792.mp4', 'refiner_0199_2_-2572922358540695700.mp4', 'refiner_0562_0_8034086507583441725.mp4', 'refiner_0100_2_7184507790679675086.mp4', 'refiner_0073_1_0_4476664247942839133.mp4', 'generated_111192130116829_0_2909449164098467719.mp4']
refiner_0197_1_1_5801784401196626600.mp4
None_0320_0_1562676125578502179.mp4
generated_111192130116829_0_1862983602671610733.mp4
generated_111192130116829_0_3465589168323622411.mp4
refiner_1392_0_-4331177659021190538.mp4
generated_111192130116829_1_5032260753433980835.mp4

usMix3D
Processing: 17/58 clips (29.31%)
usMix3D
Processing: 22/58 clips (37.93%)
usMix3D
Processing: 26/58 clips (44.83%)
usMix3D
Processing: 30/58 clips (51.72%)
usMix3D
Processing: 32/58 clips (55.17%)
usMix3D
Processing: 33/58 clips (56.90%)
usMix3D
Processing: 49/58 clips (84.48%)
usMix3D
Processing: 53/58 clips (91.38%)
usMix3D
Processing: 57/58 clips (98.28%)
Processing completed.
Video processing completed. Output saved to ./v/064.mp4
视频时长: 237.27 秒。
來源音樂 'mv.wav' 時長: 7198.19 秒。
正在準備音訊片段指令...
已規劃音訊片段，當前總時長: 44.50 秒。
已規劃音訊片段，當前總時長: 89.00 秒。
已規劃音訊片段，當前總時長: 133.50 秒。
已規劃音訊片段，當前總時長: 178.00 秒。
已規劃音訊片段，當前總時長: 222.50 秒。
已規劃音訊片段，當前總時長: 267.00 秒。
正在合成影片和音訊，並寫入檔案...
^[[D輸出影片已保存為 './v/064_with_music.mp4'。
正在清理資源...
清理完成。
Music added to ./v/064_with_music.mp4
